menuselect/menuselect --enable CORE-SOUNDS-EN-WAV
menuselect/menuselect --enable CORE-SOUNDS-EN-SLN16
menuselect/menuselect --enable CORE-SOUNDS-EN_AU-WAV
menuselect/menuselect --enable CORE-SOUNDS-EN_AU-SLN16
menuselect/menuselect --enable CORE-SOUNDS-EN_GB-WAV
menuselect/menuselect --enable CORE-SOUNDS-EN_GB-SLN16
menuselect/menuselect --enable CORE-SOUNDS-ES-WAV
menuselect/menuselect --enable CORE-SOUNDS-ES-G722
menuselect/menuselect --enable CORE-SOUNDS-ES-SLN16
menuselect/menuselect --enable CORE-SOUNDS-FR-WAV
menuselect/menuselect --enable CORE-SOUNDS-FR-SLN16
menuselect/menuselect --enable CORE-SOUNDS-IT-WAV
menuselect/menuselect --enable CORE-SOUNDS-IT-SLN16
menuselect/menuselect --enable CORE-SOUNDS-RU-WAV
menuselect/menuselect --enable CORE-SOUNDS-RU-SLN16
menuselect/menuselect --enable CORE-SOUNDS-JA-WAV
menuselect/menuselect --enable CORE-SOUNDS-JA-SLN16
menuselect/menuselect --enable CORE-SOUNDS-SV-WAV
menuselect/menuselect --enable CORE-SOUNDS-SV-SLN16
menuselect/menuselect --enable EXTRA-SOUNDS-EN-WAV
menuselect/menuselect --enable EXTRA-SOUNDS-EN-SLN16
menuselect/menuselect --enable EXTRA-SOUNDS-EN_GB-WAV
menuselect/menuselect --enable EXTRA-SOUNDS-EN_GB-SLN16
menuselect/menuselect --enable EXTRA-SOUNDS-FR-WAV
menuselect/menuselect --enable EXTRA-SOUNDS-FR-SLN16
menuselect/menuselect --enable MOH-OPSOUND-WAV
menuselect/menuselect --enable MOH-OPSOUND-SLN16
